At least one of these HTTP calls failed which means that the server or API you're trying to communicate with is not working properly. Unfortunately this is not something that the AI can fix for you since we don't control the server that you're trying to communicate with.

Runtime error

today at 11:52 PM

  x the name `BrowserRouter` is defined multiple times
    ,-[/dev-server/src/App.tsx:2:1]
  1 | // src/App.tsx
  2 | import { BrowserRouter, Routes, Route, Navigate, useLocation } from 'react-router-dom'
    :          ^^^^^^|^^^^^^
    :                `-- previous definition of `BrowserRouter` here
  3 | import { AuthProvider } from './contexts/AuthContext'
  4 | import { ProtectedRoute } from './components/ProtectedRoute'
  5 | import Login from './pages/Login'
  6 | // src/App.tsx
  7 | import { BrowserRouter, Routes, Route } from 'react-router-dom'
    :          ^^^^^^|^^^^^^
    :                `-- `BrowserRouter` redefined here
  8 | import { ProtectedRoute } from './components/ProtectedRoute'
  9 | import Login from './pages/Login'
 10 | import Dashboard from './pages/Dashboard'
    `----
  x the name `Routes` is defined multiple times
    ,-[/dev-server/src/App.tsx:2:1]
  1 | // src/App.tsx
  2 | import { BrowserRouter, Routes, Route, Navigate, useLocation } from 'react-router-dom'
    :                         ^^^|^^
    :                            `-- previous definition of `Routes` here
  3 | import { AuthProvider } from './contexts/AuthContext'
  4 | import { ProtectedRoute } from './components/ProtectedRoute'
  5 | import Login from './pages/Login'
  6 | // src/App.tsx
  7 | import { BrowserRouter, Routes, Route } from 'react-router-dom'
    :                         ^^^|^^
    :                            `-- `Routes` redefined here
  8 | import { ProtectedRoute } from './components/ProtectedRoute'
  9 | import Login from './pages/Login'
 10 | import Dashboard from './pages/Dashboard'
    `----
  x the name `Route` is defined multiple times
    ,-[/dev-server/src/App.tsx:2:1]
  1 | // src/App.tsx
  2 | import { BrowserRouter, Routes, Route, Navigate, useLocation } from 'react-router-dom'
    :                                 ^^|^^
    :                                   `-- previous definition of `Route` here
  3 | import { AuthProvider } from './contexts/AuthContext'
  4 | import { ProtectedRoute } from './components/ProtectedRoute'
  5 | import Login from './pages/Login'
  6 | // src/App.tsx
  7 | import { BrowserRouter, Routes, Route } from 'react-router-dom'
    :                                 ^^|^^
    :                                   `-- `Route` redefined here
  8 | import { ProtectedRoute } from './components/ProtectedRoute'
  9 | import Login from './pages/Login'
 10 | import Dashboard from './pages/Dashboard'
    `----
  x the name `ProtectedRoute` is defined multiple times
    ,-[/dev-server/src/App.tsx:4:1]
  1 | // src/App.tsx
  2 | import { BrowserRouter, Routes, Route, Navigate, useLocation } from 'react-router-dom'
  3 | import { AuthProvider } from './contexts/AuthContext'
  4 | import { ProtectedRoute } from './components/ProtectedRoute'
    :          ^^^^^^^|^^^^^^
    :                 `-- previous definition of `ProtectedRoute` here
  5 | import Login from './pages/Login'
  6 | // src/App.tsx
  7 | import { BrowserRouter, Routes, Route } from 'react-router-dom'
  8 | import { ProtectedRoute } from './components/ProtectedRoute'
    :          ^^^^^^^|^^^^^^
    :                 `-- `ProtectedRoute` redefined here
  9 | import Login from './pages/Login'
 10 | import Dashboard from './pages/Dashboard'
    `----
  x the name `Login` is defined multiple times
    ,-[/dev-server/src/App.tsx:5:1]
  2 | import { BrowserRouter, Routes, Route, Navigate, useLocation } from 'react-router-dom'
  3 | import { AuthProvider } from './contexts/AuthContext'
  4 | import { ProtectedRoute } from './components/ProtectedRoute'
  5 | import Login from './pages/Login'
    :        ^^|^^
    :          `-- previous definition of `Login` here
  6 | // src/App.tsx
  7 | import { BrowserRouter, Routes, Route } from 'react-router-dom'
  8 | import { ProtectedRoute } from './components/ProtectedRoute'
  9 | import Login from './pages/Login'
    :        ^^|^^
    :          `-- `Login` redefined here
 10 | import Dashboard from './pages/Dashboard'
 11 | 
 12 | function App() {
    `----
  x the name `App` is defined multiple times
    ,-[/dev-server/src/App.tsx:12:1]
  9 | import Login from './pages/Login'
 10 | import Dashboard from './pages/Dashboard'
 11 | 
 12 | function App() {
    :          ^|^
    :           `-- previous definition of `App` here
 13 |   return (
 14 |     <BrowserRouter data-component-path="src/App.tsx" data-component-name="BrowserRouter" data-component-line="14" data-component-file="App.tsx" data-component-content="%7B%7D">
 15 |       <Routes data-component-path="src/App.tsx" data-component-name="Routes" data-component-line="15" data-component-file="App.tsx" data-component-content="%7B%7D">
 16 |         <Route data-component-path="src/App.tsx" data-component-name="Route" data-component-line="16" data-component-file="App.tsx" data-component-content="%7B%7D" path="/login" element={<Login data-component-path="src/App.tsx" data-component-name="Login" data-component-line="16" data-component-file="App.tsx" data-component-content="%7B%7D" />} />
 17 |         <Route data-component-path="src/App.tsx" data-component-name="Route" data-component-line="17" data-component-file="App.tsx" data-component-content="%7B%7D"
 18 |           path="/dashboard"
 19 |           element={
 20 |             <ProtectedRoute data-component-path="src/App.tsx" data-component-name="ProtectedRoute" data-component-line="20" data-component-file="App.tsx" data-component-content="%7B%7D">
 21 |               <Dashboard data-component-path="src/App.tsx" data-component-name="Dashboard" data-component-line="21" data-component-file="App.tsx" data-component-content="%7B%7D" />
 22 |             </ProtectedRoute>
 23 |           }
 24 |         />
 25 |       </Routes>
 26 |     </BrowserRouter>
 27 |   )
 28 | }
 29 | 
 30 | function App() {
    :          ^|^
    :           `-- `App` redefined here
 31 |   return (
 32 |     <BrowserRouter data-component-path="src/App.tsx" data-component-name="BrowserRouter" data-component-line="32" data-component-file="App.tsx" data-component-content="%7B%7D">
 33 |       <AuthProvider data-component-path="src/App.tsx" data-component-name="AuthProvider" data-component-line="33" data-component-file="App.tsx" data-component-content="%7B%7D">
    `----


Stack backtrace:
   0: <unknown>
   1: <unknown>
   2: <unknown>
   3: <unknown>
   4: <unknown>
   5: _ZZN4node14ThreadPoolWork12ScheduleWorkEvENUlP9uv_work_sE_4_FUNES2_
   6: worker
             at /home/iojs/build/ws/out/../deps/uv/src/threadpool.c:122:5
   7: <unknown>
   8: <unknown>

{
  "stack": "             at /home/iojs/build/ws/out/../deps/uv/src/threadpool.c:122:5",
  "plugin": "vite:react-swc",
  "id": "/dev-server/src/App.tsx",
  "message": "  x the name `BrowserRouter` is defined multiple times\n    ,-[/dev-server/src/App.tsx:2:1]\n  1 | // src/App.tsx\n  2 | import { BrowserRouter, Routes, Route, Navigate, useLocation } from 'react-router-dom'\n    :          ^^^^^^|^^^^^^\n    :                `-- previous definition of `BrowserRouter` here\n  3 | import { AuthProvider } from './contexts/AuthContext'\n  4 | import { ProtectedRoute } from './components/ProtectedRoute'\n  5 | import Login from './pages/Login'\n  6 | // src/App.tsx\n  7 | import { BrowserRouter, Routes, Route } from 'react-router-dom'\n    :          ^^^^^^|^^^^^^\n    :                `-- `BrowserRouter` redefined here\n  8 | import { ProtectedRoute } from './components/ProtectedRoute'\n  9 | import Login from './pages/Login'\n 10 | import Dashboard from './pages/Dashboard'\n    `----\n  x the name `Routes` is defined multiple times\n    ,-[/dev-server/src/App.tsx:2:1]\n  1 | // src/App.tsx\n  2 | import { BrowserRouter, Routes, Route, Navigate, useLocation } from 'react-router-dom'\n    :                         ^^^|^^\n    :                            `-- previous definition of `Routes` here\n  3 | import { AuthProvider } from './contexts/AuthContext'\n  4 | import { ProtectedRoute } from './components/ProtectedRoute'\n  5 | import Login from './pages/Login'\n  6 | // src/App.tsx\n  7 | import { BrowserRouter, Routes, Route } from 'react-router-dom'\n    :                         ^^^|^^\n    :                            `-- `Routes` redefined here\n  8 | import { ProtectedRoute } from './components/ProtectedRoute'\n  9 | import Login from './pages/Login'\n 10 | import Dashboard from './pages/Dashboard'\n    `----\n  x the name `Route` is defined multiple times\n    ,-[/dev-server/src/App.tsx:2:1]\n  1 | // src/App.tsx\n  2 | import { BrowserRouter, Routes, Route, Navigate, useLocation } from 'react-router-dom'\n    :                                 ^^|^^\n    :                                   `-- previous definition of `Route` here\n  3 | import { AuthProvider } from './contexts/AuthContext'\n  4 | import { ProtectedRoute } from './components/ProtectedRoute'\n  5 | import Login from './pages/Login'\n  6 | // src/App.tsx\n  7 | import { BrowserRouter, Routes, Route } from 'react-router-dom'\n    :                                 ^^|^^\n    :                                   `-- `Route` redefined here\n  8 | import { ProtectedRoute } from './components/ProtectedRoute'\n  9 | import Login from './pages/Login'\n 10 | import Dashboard from './pages/Dashboard'\n    `----\n  x the name `ProtectedRoute` is defined multiple times\n    ,-[/dev-server/src/App.tsx:4:1]\n  1 | // src/App.tsx\n  2 | import { BrowserRouter, Routes, Route, Navigate, useLocation } from 'react-router-dom'\n  3 | import { AuthProvider } from './contexts/AuthContext'\n  4 | import { ProtectedRoute } from './components/ProtectedRoute'\n    :          ^^^^^^^|^^^^^^\n    :                 `-- previous definition of `ProtectedRoute` here\n  5 | import Login from './pages/Login'\n  6 | // src/App.tsx\n  7 | import { BrowserRouter, Routes, Route } from 'react-router-dom'\n  8 | import { ProtectedRoute } from './components/ProtectedRoute'\n    :          ^^^^^^^|^^^^^^\n    :                 `-- `ProtectedRoute` redefined here\n  9 | import Login from './pages/Login'\n 10 | import Dashboard from './pages/Dashboard'\n    `----\n  x the name `Login` is defined multiple times\n    ,-[/dev-server/src/App.tsx:5:1]\n  2 | import { BrowserRouter, Routes, Route, Navigate, useLocation } from 'react-router-dom'\n  3 | import { AuthProvider } from './contexts/AuthContext'\n  4 | import { ProtectedRoute } from './components/ProtectedRoute'\n  5 | import Login from './pages/Login'\n    :        ^^|^^\n    :          `-- previous definition of `Login` here\n  6 | // src/App.tsx\n  7 | import { BrowserRouter, Routes, Route } from 'react-router-dom'\n  8 | import { ProtectedRoute } from './components/ProtectedRoute'\n  9 | import Login from './pages/Login'\n    :        ^^|^^\n    :          `-- `Login` redefined here\n 10 | import Dashboard from './pages/Dashboard'\n 11 | \n 12 | function App() {\n    `----\n  x the name `App` is defined multiple times\n    ,-[/dev-server/src/App.tsx:12:1]\n  9 | import Login from './pages/Login'\n 10 | import Dashboard from './pages/Dashboard'\n 11 | \n 12 | function App() {\n    :          ^|^\n    :           `-- previous definition of `App` here\n 13 |   return (\n 14 |     <BrowserRouter data-component-path=\"src/App.tsx\" data-component-name=\"BrowserRouter\" data-component-line=\"14\" data-component-file=\"App.tsx\" data-component-content=\"%7B%7D\">\n 15 |       <Routes data-component-path=\"src/App.tsx\" data-component-name=\"Routes\" data-component-line=\"15\" data-component-file=\"App.tsx\" data-component-content=\"%7B%7D\">\n 16 |         <Route data-component-path=\"src/App.tsx\" data-component-name=\"Route\" data-component-line=\"16\" data-component-file=\"App.tsx\" data-component-content=\"%7B%7D\" path=\"/login\" element={<Login data-component-path=\"src/App.tsx\" data-component-name=\"Login\" data-component-line=\"16\" data-component-file=\"App.tsx\" data-component-content=\"%7B%7D\" />} />\n 17 |         <Route data-component-path=\"src/App.tsx\" data-component-name=\"Route\" data-component-line=\"17\" data-component-file=\"App.tsx\" data-component-content=\"%7B%7D\"\n 18 |           path=\"/dashboard\"\n 19 |           element={\n 20 |             <ProtectedRoute data-component-path=\"src/App.tsx\" data-component-name=\"ProtectedRoute\" data-component-line=\"20\" data-component-file=\"App.tsx\" data-component-content=\"%7B%7D\">\n 21 |               <Dashboard data-component-path=\"src/App.tsx\" data-component-name=\"Dashboard\" data-component-line=\"21\" data-component-file=\"App.tsx\" data-component-content=\"%7B%7D\" />\n 22 |             </ProtectedRoute>\n 23 |           }\n 24 |         />\n 25 |       </Routes>\n 26 |     </BrowserRouter>\n 27 |   )\n 28 | }\n 29 | \n 30 | function App() {\n    :          ^|^\n    :           `-- `App` redefined here\n 31 |   return (\n 32 |     <BrowserRouter data-component-path=\"src/App.tsx\" data-component-name=\"BrowserRouter\" data-component-line=\"32\" data-component-file=\"App.tsx\" data-component-content=\"%7B%7D\">\n 33 |       <AuthProvider data-component-path=\"src/App.tsx\" data-component-name=\"AuthProvider\" data-component-line=\"33\" data-component-file=\"App.tsx\" data-component-content=\"%7B%7D\">\n    `----\n\n\nStack backtrace:\n   0: <unknown>\n   1: <unknown>\n   2: <unknown>\n   3: <unknown>\n   4: <unknown>\n   5: _ZZN4node14ThreadPoolWork12ScheduleWorkEvENUlP9uv_work_sE_4_FUNES2_\n   6: worker\n             at /home/iojs/build/ws/out/../deps/uv/src/threadpool.c:122:5\n   7: <unknown>\n   8: <unknown>",
  "frame": "",
  "pluginCode": "// src/App.tsx\nimport { BrowserRouter, Routes, Route, Navigate, useLocation } from 'react-router-dom'\nimport { AuthProvider } from './contexts/AuthContext'\nimport { ProtectedRoute } from './components/ProtectedRoute'\nimport Login from './pages/Login'\n// src/App.tsx\nimport { BrowserRouter, Routes, Route } from 'react-router-dom'\nimport { ProtectedRoute } from './components/ProtectedRoute'\nimport Login from './pages/Login'\nimport Dashboard from './pages/Dashboard'\n\nfunction App() {\n  return (\n    <BrowserRouter data-component-path=\"src/App.tsx\" data-component-name=\"BrowserRouter\" data-component-line=\"14\" data-component-file=\"App.tsx\" data-component-content=\"%7B%7D\">\n      <Routes data-component-path=\"src/App.tsx\" data-component-name=\"Routes\" data-component-line=\"15\" data-component-file=\"App.tsx\" data-component-content=\"%7B%7D\">\n        <Route data-component-path=\"src/App.tsx\" data-component-name=\"Route\" data-component-line=\"16\" data-component-file=\"App.tsx\" data-component-content=\"%7B%7D\" path=\"/login\" element={<Login data-component-path=\"src/App.tsx\" data-component-name=\"Login\" data-component-line=\"16\" data-component-file=\"App.tsx\" data-component-content=\"%7B%7D\" />} />\n        <Route data-component-path=\"src/App.tsx\" data-component-name=\"Route\" data-component-line=\"17\" data-component-file=\"App.tsx\" data-component-content=\"%7B%7D\"\n          path=\"/dashboard\"\n          element={\n            <ProtectedRoute data-component-path=\"src/App.tsx\" data-component-name=\"ProtectedRoute\" data-component-line=\"20\" data-component-file=\"App.tsx\" data-component-content=\"%7B%7D\">\n              <Dashboard data-component-path=\"src/App.tsx\" data-component-name=\"Dashboard\" data-component-line=\"21\" data-component-file=\"App.tsx\" data-component-content=\"%7B%7D\" />\n            </ProtectedRoute>\n          }\n        />\n      </Routes>\n    </BrowserRouter>\n  )\n}\n\nfunction App() {\n  return (\n    <BrowserRouter data-component-path=\"src/App.tsx\" data-component-name=\"BrowserRouter\" data-component-line=\"32\" data-component-file=\"App.tsx\" data-component-content=\"%7B%7D\">\n      <AuthProvider data-component-path=\"src/App.tsx\" data-component-name=\"AuthProvider\" data-component-line=\"33\" data-component-file=\"App.tsx\" data-component-content=\"%7B%7D\">\n        <Routes data-component-path=\"src/App.tsx\" data-component-name=\"Routes\" data-component-line=\"34\" data-component-file=\"App.tsx\" data-component-content=\"%7B%7D\">\n          <Route data-component-path=\"src/App.tsx\" data-component-name=\"Route\" data-component-line=\"35\" data-component-file=\"App.tsx\" data-component-content=\"%7B%7D\" path=\"/login\" element={<PublicRoute data-component-path=\"src/App.tsx\" data-component-name=\"PublicRoute\" data-component-line=\"35\" data-component-file=\"App.tsx\" data-component-content=\"%7B%7D\"><Login data-component-path=\"src/App.tsx\" data-component-name=\"Login\" data-component-line=\"35\" data-component-file=\"App.tsx\" data-component-content=\"%7B%7D\" /></PublicRoute>} />\n          <Route data-component-path=\"src/App.tsx\" data-component-name=\"Route\" data-component-line=\"36\" data-component-file=\"App.tsx\" data-component-content=\"%7B%7D\" element={<ProtectedLayout data-component-path=\"src/App.tsx\" data-component-name=\"ProtectedLayout\" data-component-line=\"36\" data-component-file=\"App.tsx\" data-component-content=\"%7B%7D\" />}>\n            {/* All your app routes go here */}\n            <Route data-component-path=\"src/App.tsx\" data-component-name=\"Route\" data-component-line=\"38\" data-component-file=\"App.tsx\" data-component-content=\"%7B%7D\" path=\"/dashboard\" element={<div data-component-path=\"src/App.tsx\" data-component-name=\"div\" data-component-line=\"38\" data-component-file=\"App.tsx\" data-component-content=\"%7B%22text%22%3A%22Dashboard%22%7D\">Dashboard</div>} />\n            <Route data-component-path=\"src/App.tsx\" data-component-name=\"Route\" data-component-line=\"39\" data-component-file=\"App.tsx\" data-component-content=\"%7B%7D\" path=\"/transactions\" element={<div data-component-path=\"src/App.tsx\" data-component-name=\"div\" data-component-line=\"39\" data-component-file=\"App.tsx\" data-component-content=\"%7B%22text%22%3A%22Transactions%22%7D\">Transactions</div>} />\n            <Route data-component-path=\"src/App.tsx\" data-component-name=\"Route\" data-component-line=\"40\" data-component-file=\"App.tsx\" data-component-content=\"%7B%7D\" path=\"/invoices\" element={<div data-component-path=\"src/App.tsx\" data-component-name=\"div\" data-component-line=\"40\" data-component-file=\"App.tsx\" data-component-content=\"%7B%22text%22%3A%22Invoices%22%7D\">Invoices</div>} />\n            {/* Add more routes as needed */}\n          </Route>\n          {/* Catch all route - redirect to dashboard if authenticated, login if not */}\n          <Route data-component-path=\"src/App.tsx\" data-component-name=\"Route\" data-component-line=\"44\" data-component-file=\"App.tsx\" data-component-content=\"%7B%7D\" path=\"*\" element={<Navigate data-component-path=\"src/App.tsx\" data-component-name=\"Navigate\" data-component-line=\"44\" data-component-file=\"App.tsx\" data-component-content=\"%7B%7D\" to=\"/dashboard\" replace />} />\n        </Routes>\n      </AuthProvider>\n    </BrowserRouter>\n  )\n}\n\nexport default App\n",
  "error_type": "immediate_runtime"
}

Runtime error

today at 11:04 PM

  x 'import', and 'export' cannot be used outside of module code
    ,-[/dev-server/src/pages/Login.tsx:41:1]
 38 |   password: string
 39 | }
 40 | 
 41 | export default function Login() {
    : ^^^^^^
 42 |   const navigate = useNavigate()
 43 |   const [loading, setLoading] = useState(false)
 44 |   const [error, setError] = useState<string | null>(null)
    `----


Caused by:
    Syntax Error

Stack backtrace:
   0: <unknown>
   1: <unknown>
   2: <unknown>
   3: <unknown>
   4: <unknown>
   5: <unknown>
   6: <unknown>
   7: <unknown>
   8: <unknown>
   9: <unknown>
  10: <unknown>
  11: <unknown>
  12: <unknown>
  13: <unknown>
  14: _ZZN4node14ThreadPoolWork12ScheduleWorkEvENUlP9uv_work_sE_4_FUNES2_
  15: worker
             at /home/iojs/build/ws/out/../deps/uv/src/threadpool.c:122:5
  16: <unknown>
  17: <unknown>

{
  "plugin": "vite:react-swc",
  "message": "  x 'import', and 'export' cannot be used outside of module code\n    ,-[/dev-server/src/pages/Login.tsx:41:1]\n 38 |   password: string\n 39 | }\n 40 | \n 41 | export default function Login() {\n    : ^^^^^^\n 42 |   const navigate = useNavigate()\n 43 |   const [loading, setLoading] = useState(false)\n 44 |   const [error, setError] = useState<string | null>(null)\n    `----\n\n\nCaused by:\n    Syntax Error\n\nStack backtrace:\n   0: <unknown>\n   1: <unknown>\n   2: <unknown>\n   3: <unknown>\n   4: <unknown>\n   5: <unknown>\n   6: <unknown>\n   7: <unknown>\n   8: <unknown>\n   9: <unknown>\n  10: <unknown>\n  11: <unknown>\n  12: <unknown>\n  13: <unknown>\n  14: _ZZN4node14ThreadPoolWork12ScheduleWorkEvENUlP9uv_work_sE_4_FUNES2_\n  15: worker\n             at /home/iojs/build/ws/out/../deps/uv/src/threadpool.c:122:5\n  16: <unknown>\n  17: <unknown>",
  "stack": "             at /home/iojs/build/ws/out/../deps/uv/src/threadpool.c:122:5",
  "id": "/dev-server/src/pages/Login.tsx",
  "pluginCode": "// src/pages/Login.tsx\nimport { useState } from 'react'\nimport { supabase } from '../integrations/supabase/client'\nimport { useNavigate } from 'react-router-dom'\nimport { useLocation, useNavigate } from 'react-router-dom'\n\nexport default function Login() {\n  const navigate = useNavigate()\n  const location = useLocation()\n  const from = location.state?.from?.pathname || '/dashboard'\n\n  // ... (previous state declarations)\n\n  const handleLogin = async (e: React.FormEvent) => {\n    e.preventDefault()\n    setLoading(true)\n    setError(null)\n\n    try {\n      const { data, error } = await supabase.auth.signInWithPassword({\n        email: credentials.email,\n        password: credentials.password,\n      })\n\n      if (error) throw error\n\n      if (data.user) {\n        navigate(from, { replace: true })\n      }\n    } catch (err) {\n      setError(err instanceof Error ? err.message : 'An error occurred during login')\n    } finally {\n      setLoading(false)\n    }\n  }\ninterface LoginCredentials {\n  email: string\n  password: string\n}\n\nexport default function Login() {\n  const navigate = useNavigate()\n  const [loading, setLoading] = useState(false)\n  const [error, setError] = useState<string | null>(null)\n  const [credentials, setCredentials] = useState<LoginCredentials>({\n    email: '',\n    password: ''\n  })\n\n  const handleLogin = async (e: React.FormEvent) => {\n    e.preventDefault()\n    setLoading(true)\n    setError(null)\n\n    try {\n      const { data, error } = await supabase.auth.signInWithPassword({\n        email: credentials.email,\n        password: credentials.password,\n      })\n\n      if (error) throw error\n\n      if (data.user) {\n        navigate('/dashboard')\n      }\n    } catch (err) {\n      setError(err instanceof Error ? err.message : 'An error occurred during login')\n    } finally {\n      setLoading(false)\n    }\n  }\n\n  return (\n    <div className=\"min-h-screen flex items-center justify-center bg-gray-50\">\n      <div className=\"max-w-md w-full space-y-8 p-8 bg-white rounded-lg shadow\">\n        <div>\n          <h2 className=\"mt-6 text-center text-3xl font-extrabold text-gray-900\">\n            Sign in to your account\n          </h2>\n        </div>\n        \n        <form className=\"mt-8 space-y-6\" onSubmit={handleLogin}>\n          {error && (\n            <div className=\"rounded-md bg-red-50 p-4\">\n              <div className=\"text-sm text-red-700\">{error}</div>\n            </div>\n          )}\n          \n          <div className=\"rounded-md shadow-sm -space-y-px\">\n            <div>\n              <label htmlFor=\"email\" className=\"sr-only\">Email address</label>\n              <input\n                id=\"email\"\n                name=\"email\"\n                type=\"email\"\n                required\n                className=\"appearance-none rounded-none relative block w-full px-3 py-2 border border-gray-300 placeholder-gray-500 text-gray-900 rounded-t-md focus:outline-none focus:ring-indigo-500 focus:border-indigo-500 focus:z-10 sm:text-sm\"\n                placeholder=\"Email address\"\n                value={credentials.email}\n                onChange={(e) => setCredentials(prev => ({\n                  ...prev,\n                  email: e.target.value\n                }))}\n              />\n            </div>\n            <div>\n              <label htmlFor=\"password\" className=\"sr-only\">Password</label>\n              <input\n                id=\"password\"\n                name=\"password\"\n                type=\"password\"\n                required\n                className=\"appearance-none rounded-none relative block w-full px-3 py-2 border border-gray-300 placeholder-gray-500 text-gray-900 rounded-b-md focus:outline-none focus:ring-indigo-500 focus:border-indigo-500 focus:z-10 sm:text-sm\"\n                placeholder=\"Password\"\n                value={credentials.password}\n                onChange={(e) => setCredentials(prev => ({\n                  ...prev,\n                  password: e.target.value\n                }))}\n              />\n            </div>\n          </div>\n\n          <div>\n            <button\n              type=\"submit\"\n              disabled={loading}\n              className=\"group relative w-full flex justify-center py-2 px-4 border border-transparent text-sm font-medium rounded-md text-white bg-indigo-600 hover:bg-indigo-700 focus:outline-none focus:ring-2 focus:ring-offset-2 focus:ring-indigo-500 disabled:bg-indigo-400\"\n            >\n              {loading ? 'Signing in...' : 'Sign in'}\n            </button>\n          </div>\n        </form>\n      </div>\n    </div>\n  )\n}\n",
  "frame": "",
  "error_type": "immediate_runtime"
}

HTTP server error

today at 9:36 PM

failed to call url https://bkhfpjckozgowcfcmbji.supabase.co/rest/v1/invoiceTable?select=invId%2CinvNumber%2CinvTotal%2CinvDate%2CcustomerMaster%3AinvCustid%28custBusinessname%29&invDate=gte.1900-03-31T18%3A38%3A50.000Z&invDate=lte.1901-03-30T18%3A38%3A50.000Z&order=invDate.desc&limit=5 with status 300 and statusText undefined

{
  "url": "https://bkhfpjckozgowcfcmbji.supabase.co/rest/v1/invoiceTable?select=invId%2CinvNumber%2CinvTotal%2CinvDate%2CcustomerMaster%3AinvCustid%28custBusinessname%29&invDate=gte.1900-03-31T18%3A38%3A50.000Z&invDate=lte.1901-03-30T18%3A38%3A50.000Z&order=invDate.desc&limit=5",
  "status": 300,
  "error_type": "http_server_error",
  "message": "failed to call url https://bkhfpjckozgowcfcmbji.supabase.co/rest/v1/invoiceTable?select=invId%2CinvNumber%2CinvTotal%2CinvDate%2CcustomerMaster%3AinvCustid%28custBusinessname%29&invDate=gte.1900-03-31T18%3A38%3A50.000Z&invDate=lte.1901-03-30T18%3A38%3A50.000Z&order=invDate.desc&limit=5 with status 300 and statusText undefined",
  "body": "{\"code\":\"PGRST201\",\"details\":[{\"cardinality\":\"many-to-one\",\"embedding\":\"invoiceTable with customerMaster\",\"relationship\":\"fk_invcustid_customer using invoiceTable(invCustid) and customerMaster(id)\"},{\"cardinality\":\"many-to-one\",\"embedding\":\"invoiceTable with customerMaster\",\"relationship\":\"invoiceTable_invCustid_fkey using invoiceTable(invCustid) and customerMaster(id)\"}],\"hint\":\"Try changing 'invCustid' to one of the following: 'customerMaster!fk_invcustid_customer', 'customerMaster!invoiceTable_invCustid_fkey'. Find the desired relationship in the 'details' key.\",\"message\":\"Could not embed because more than one relationship was found for 'invoiceTable' and 'invCustid'\"}"
}